TEST - line 1
TEST - line 2